<area shape="rect" href="$definitions_8h.html" title="Definitions.h" alt="" coords="721,80,812,107">
<area shape="rect" href="$_distance_point_line_8h.html" title="DistancePointLine.h" alt="" coords="1161,80,1297,107">
<area shape="rect" href="$_write_p_n_g_8h.html" title="WritePNG.h" alt="" coords="1321,80,1412,107">
<area shape="rect" href="$_capture_screen_8h.html" title="CaptureScreen.h" alt="" coords="1436,80,1553,107">
<area shape="rect" href="$_frame___data_8h.html" title="Frame_Data.h" alt="" coords="1577,80,1681,107">
<area shape="rect" href="$_file___data_8h.html" title="File_Data.h" alt="" coords="1705,80,1793,107">
<area shape="rect" href="$file__data_8c.html" title="File_Data.c" alt="" coords="1817,80,1905,107">
<area shape="rect" href="$frame__display_8h.html" title="Frame_Display.h" alt="" coords="1929,80,2049,107">
<area shape="rect" href="$_frame___display_8c.html" title="Frame_Display.c" alt="" coords="2073,80,2193,107">
<area shape="rect" href="$robbitgui_8h.html" title="robbitGUI.h" alt="" coords="2140,155,2225,181">
<area shape="rect" href="$robbit_g_u_i_8cxx.html" title="robbitGUI.cxx" alt="" coords="2268,80,2367,107">
<area shape="rect" href="$_get_next_frame_8h.html" title="GetNextFrame.h" alt="" coords="2391,80,2508,107">
