<area shape="rect" href="$class_robbit_u_i.html#e2af51c5ad8cb40121a201641ae23d9f" title="RobbitUI::cb_About" alt="" coords="225,5,359,32">
<area shape="rect" href="$class_robbit_u_i.html#cd9120fda7e199e27ba15c48ef2a4ca1" title="RobbitUI::cb_ball_radius" alt="" coords="212,56,372,83">
<area shape="rect" href="$class_robbit_u_i.html#b2e1200279c933224c5dcab34a015d1d" title="RobbitUI::cb_ButtonAbout" alt="" coords="207,107,377,133">
<area shape="rect" href="$class_robbit_u_i.html#08f315649386812c013b3e3cf0c6c970" title="RobbitUI::cb_ButtonAdvSettings" alt="" coords="189,157,395,184">
<area shape="rect" href="$class_robbit_u_i.html#bbf4cefb9c75750c40b9aba56a512c7e" title="RobbitUI::cb_ButtonPlayPause" alt="" coords="192,208,392,235">
<area shape="rect" href="$class_robbit_u_i.html#472bc07274cc4d1f89260810dcb33343" title="RobbitUI::cb_ButtonReset" alt="" coords="207,259,377,285">
<area shape="rect" href="$class_robbit_u_i.html#576548e5993b31fb1ac4672aad5e88fa" title="RobbitUI::cb_ButtonScrrenshot" alt="" coords="192,309,392,336">
<area shape="rect" href="$class_robbit_u_i.html#5ca64b22e9dbe9aa7044ea067a73e1e1" title="RobbitUI::cb_ButtonStop" alt="" coords="211,360,373,387">
<area shape="rect" href="$class_robbit_u_i.html#049a30dda726578e54057a448bb2fd40" title="RobbitUI::cb_Close" alt="" coords="227,411,357,437">
<area shape="rect" href="$class_robbit_u_i.html#762f9689a410b9eed6de1db46c885754" title="RobbitUI::cb_coloured_steps" alt="" coords="199,461,385,488">
<area shape="rect" href="$class_robbit_u_i.html#e1f0dfbebe6eefeb9169331dac0a48c2" title="RobbitUI::cb_graphics_quality" alt="" coords="196,512,388,539">
<area shape="rect" href="$class_robbit_u_i.html#a750d6817cf0bf92d4757d4a2e47de21" title="RobbitUI::cb_indexSlider" alt="" coords="211,563,373,589">
<area shape="rect" href="$class_robbit_u_i.html#c3d32857b436cf7db635758ee2cb955e" title="RobbitUI::cb_maxx" alt="" coords="227,613,357,640">
<area shape="rect" href="$class_robbit_u_i.html#42a180f3ed3bb7c2e011c3917b2d2cfb" title="RobbitUI::cb_maxy" alt="" coords="227,664,357,691">
<area shape="rect" href="$class_robbit_u_i.html#44cc7bc4d58a632c9f201c4314971508" title="RobbitUI::cb_minx" alt="" coords="228,715,356,741">
<area shape="rect" href="$class_robbit_u_i.html#94f7850922037f445225217637cae41a" title="RobbitUI::cb_miny" alt="" coords="228,765,356,792">
<area shape="rect" href="$class_robbit_u_i.html#a893a6dd01b1ed817982f1ef589684bb" title="RobbitUI::cb_OK" alt="" coords="233,816,351,843">
<area shape="rect" href="$class_robbit_u_i.html#44c1ed63779b90de49f71b0afd2d1bc7" title="RobbitUI::cb_OK1" alt="" coords="229,867,355,893">
<area shape="rect" href="$class_robbit_u_i.html#fccd86fadceafe860519a1d03aed1eb6" title="RobbitUI::cb_RobbitMainWindow" alt="" coords="187,917,397,944">
<area shape="rect" href="$class_robbit_u_i.html#db52f7169ff7a1fef1052ddeff15a68c" title="RobbitUI::cb_ToggleAutoView" alt="" coords="196,968,388,995">
<area shape="rect" href="$class_robbit_u_i.html#13061d8ecd3063563fe927601d36fad4" title="RobbitUI::cb_ToggleBotNumbering" alt="" coords="183,1019,401,1045">
<area shape="rect" href="$class_robbit_u_i.html#d18a3a651f557a8531124fd578c6db0f" title="RobbitUI::cb_ToggleObstacles" alt="" coords="195,1069,389,1096">
<area shape="rect" href="$class_robbit_u_i.html#85e2d04d46cdc75baa5bc2f05262e6d7" title="RobbitUI::cb_ToggleTopView" alt="" coords="199,1120,385,1147">
<area shape="rect" href="$class_robbit_u_i.html#6b80b7cbded03ef0ad66ef657ef241e9" title="RobbitUI::cb_ToggleTrails" alt="" coords="208,1171,376,1197">
<area shape="rect" href="$class_robbit_u_i.html#757df2d498ee101af353a2e6f1970d89" title="RobbitUI::cb_trail_points" alt="" coords="211,1221,373,1248">
