<area shape="rect" href="$_definitions_8h.html" title="Definitions.h" alt="" coords="677,80,768,107">
<area shape="rect" href="$_sleep_milli_8h.html" title="SleepMilli.h" alt="" coords="960,80,1048,107">
<area shape="rect" href="$_next_no_8h.html" title="NextNo.h" alt="" coords="1072,80,1147,107">
<area shape="rect" href="$_distance_point_line_8h.html" title="DistancePointLine.h" alt="" coords="1171,80,1307,107">
<area shape="rect" href="$_write_p_n_g_8h.html" title="WritePNG.h" alt="" coords="1331,80,1421,107">
<area shape="rect" href="$_capture_screen_8h.html" title="CaptureScreen.h" alt="" coords="1445,80,1563,107">
<area shape="rect" href="$_frame___data_8h.html" title="Frame_Data.h" alt="" coords="1587,80,1691,107">
<area shape="rect" href="$_file___data_8h.html" title="File_Data.h" alt="" coords="1715,80,1803,107">
<area shape="rect" href="$_file___data_8c.html" title="File_Data.c" alt="" coords="1827,80,1915,107">
<area shape="rect" href="$_frame___display_8h.html" title="Frame_Display.h" alt="" coords="1939,80,2059,107">
<area shape="rect" href="$_frame___display_8c.html" title="Frame_Display.c" alt="" coords="2083,80,2203,107">
<area shape="rect" href="$robbit_g_u_i_8h.html" title="robbitGUI.h" alt="" coords="2149,155,2235,181">
<area shape="rect" href="$robbit_g_u_i_8cxx.html" title="robbitGUI.cxx" alt="" coords="2277,80,2376,107">
<area shape="rect" href="$_get_next_frame_8h.html" title="GetNextFrame.h" alt="" coords="2400,80,2517,107">
