<area shape="rect" href="$_robbit_8cpp.html#521d9f7a91830bd36286d61076f1be5d" title="Idle function operating in log file mode." alt="" coords="151,119,239,145">
<area shape="rect" href="$_robbit_8cpp.html#b11b9340c681f12f9f4ce68aeb323e1c" title="Idle function operating in custom algorithm mode." alt="" coords="136,195,253,221">
<area shape="rect" href="$class_frame___display.html#200959c9b97edfd7b8195ef304d725d7" title="Sets default values of variables." alt="" coords="104,245,285,272">
<area shape="rect" href="$class_robbit_u_i.html#4cbd5021bf652588cead7e5c8c0fa443" title="RobbitUI::show" alt="" coords="141,296,248,323">
<area shape="rect" href="$_robbit_8cpp.html#49753448c0534e295206613f00c56f5e" title="Writes log file in specified format." alt="" coords="144,347,245,373">
<area shape="rect" href="$class_file___data.html#0a6445b60443c81d14e7e745221aace9" title="Get data from file index." alt="" coords="365,5,496,32">
<area shape="rect" href="$class_file___data.html#5aff36f54e73953f29d665149bbc19ba" title="Opens the log file and calls BuildFileIndex()." alt="" coords="355,56,507,83">
<area shape="rect" href="$class_frame___display.html#a5a27b4cf1d9475246cd9b7dddb62518" title="Stops simulation." alt="" coords="351,107,511,133">
<area shape="rect" href="$_sleep_milli_8h.html#0726b2879ff28a728401952629c49bbe" title="SleepMilli" alt="" coords="392,157,469,184">
<area shape="rect" href="$class_frame___display.html#62630f3cd5021ee65fb7da5d10055662" title="Updates the current frame data." alt="" coords="333,208,528,235">
<area shape="rect" href="$class_file___data.html#6140ea6a79f14747ab5e3ecc71770d04" title="Builds index for quick reference within log file." alt="" coords="576,56,741,83">
<area shape="rect" href="$_get_next_frame_8h.html#bb4e481a7ad4a75803da313238462b41" title="User defined function to generate next frame data." alt="" coords="377,259,484,285">
